// Jest Snapshot v1, https://goo.gl/fbAQLP

exports[`renders Resume component correctly 1`] = `
<DocumentFragment>
  <div>
    Resume
  </div>
</DocumentFragment>
`;
